GDTEST_PARSER_ERROR
Name "V" is already used as a class enum value.
