GDTEST_ANALYZER_ERROR
Cannot assign a value of type MyOtherEnum (enum) to variable "local_var" with specified type MyEnum (enum).
