GDTEST_RUNTIME_ERROR
>> ERROR
>> on function: assign()
>> Method/function failed.
not ok
