GDTEST_OK
Not shadowed <Resource#-9223371975785708326>
Not shadowed <RefCounted#-9223371975768931110>
