GDTEST_OK
preload duplicate
true
true
preload duplicate
true
true
preload duplicate
false
